Microsoft Windows [Version 6.3.9600]
(c) Корпорація Майкрософт (Microsoft Corporation), 2013. Усі права захищені.

D:\! doc\VVV\pythonVV\Pylypivvv_Python>git diff

D:\! doc\VVV\pythonVV\Pylypivvv_Python>git status
On branch master
Your branch is up to date with 'origin/master'.

Untracked files:
  (use "git add <file>..." to include in what will be committed)
        Pylypiv_01_PythonStarter/Pylypiv_traffic_light_1.py

nothing added to commit but untracked files present (use "git add" to track)

D:\! doc\VVV\pythonVV\Pylypivvv_Python>git add Pylypiv_traffic_light_1.py
fatal: pathspec 'Pylypiv_traffic_light_1.py' did not match any files

D:\! doc\VVV\pythonVV\Pylypivvv_Python>git add .

D:\! doc\VVV\pythonVV\Pylypivvv_Python>git status
On branch master
Your branch is up to date with 'origin/master'.

Changes to be committed:
  (use "git restore --staged <file>..." to unstage)
        new file:   Pylypiv_01_PythonStarter/Pylypiv_traffic_light_1.py


D:\! doc\VVV\pythonVV\Pylypivvv_Python>git add Pylypiv_01_PythonStarter/Pylypiv_traffic_light_1.py

D:\! doc\VVV\pythonVV\Pylypivvv_Python>git commit -m 'task Traffic light'
error: pathspec 'Traffic' did not match any file(s) known to git
error: pathspec 'light'' did not match any file(s) known to git

D:\! doc\VVV\pythonVV\Pylypivvv_Python>git push
Everything up-to-date

D:\! doc\VVV\pythonVV\Pylypivvv_Python>git log --pretty=oneline
ca318923b3f59298cf7d77875ab71cd33ca8efe7 (HEAD -> master, origin/master) 'init'

D:\! doc\VVV\pythonVV\Pylypivvv_Python>git add Pylypiv_traffic_light_1.py
fatal: pathspec 'Pylypiv_traffic_light_1.py' did not match any files

D:\! doc\VVV\pythonVV\Pylypivvv_Python>git diff

D:\! doc\VVV\pythonVV\Pylypivvv_Python>git add .

D:\! doc\VVV\pythonVV\Pylypivvv_Python>git commit -m 'task Traffic light'
error: pathspec 'Traffic' did not match any file(s) known to git
error: pathspec 'light'' did not match any file(s) known to git

D:\! doc\VVV\pythonVV\Pylypivvv_Python>git push
Everything up-to-date

D:\! doc\VVV\pythonVV\Pylypivvv_Python>git log
commit ca318923b3f59298cf7d77875ab71cd33ca8efe7 (HEAD -> master, origin/master)
Author: Victor Pylypiv <pylypivvv@gmail.com>
Date:   Thu Sep 23 01:49:53 2021 +0300

    'init'

D:\! doc\VVV\pythonVV\Pylypivvv_Python>git status
On branch master
Your branch is up to date with 'origin/master'.

Changes to be committed:
  (use "git restore --staged <file>..." to unstage)
        new file:   Pylypiv_01_PythonStarter/Pylypiv_traffic_light_1.py


D:\! doc\VVV\pythonVV\Pylypivvv_Python>git add Pylypiv_traffic_light_1.py

D:\! doc\VVV\pythonVV\Pylypivvv_Python>git status
On branch master
Your branch is up to date with 'origin/master'.

Changes to be committed:
  (use "git restore --staged <file>..." to unstage)
        new file:   Pylypiv_01_PythonStarter/Pylypiv_traffic_light_1.py
        new file:   Pylypiv_traffic_light_1.py

Changes not staged for commit:
  (use "git add/rm <file>..." to update what will be committed)
  (use "git restore <file>..." to discard changes in working directory)
        deleted:    Pylypiv_01_PythonStarter/Pylypiv_traffic_light_1.py


D:\! doc\VVV\pythonVV\Pylypivvv_Python>git commit -m 'task Traffic light'
error: pathspec 'Traffic' did not match any file(s) known to git
error: pathspec 'light'' did not match any file(s) known to git

D:\! doc\VVV\pythonVV\Pylypivvv_Python>git add Pylypiv_traffic_light_1.py

D:\! doc\VVV\pythonVV\Pylypivvv_Python>git commit -m 'task Traffic light'
error: pathspec 'Traffic' did not match any file(s) known to git
error: pathspec 'light'' did not match any file(s) known to git

D:\! doc\VVV\pythonVV\Pylypivvv_Python>git add Pylypiv_traffic_light_1.py

D:\! doc\VVV\pythonVV\Pylypivvv_Python>git commit -m 'task_Traffic_light'
[master 93251e1] 'task_Traffic_light'
 2 files changed, 72 insertions(+)
 create mode 100644 Pylypiv_01_PythonStarter/Pylypiv_traffic_light_1.py
 create mode 100644 Pylypiv_traffic_light_1.py

D:\! doc\VVV\pythonVV\Pylypivvv_Python>git push
Enumerating objects: 7, done.
Counting objects: 100% (7/7), done.
Delta compression using up to 4 threads
Compressing objects: 100% (5/5), done.
Writing objects: 100% (5/5), 993 bytes | 331.00 KiB/s, done.
Total 5 (delta 2), reused 0 (delta 0), pack-reused 0
remote: Resolving deltas: 100% (2/2), completed with 1 local object.
To https://github.com/VictorPylypiv/Pylypivvv_python.git
   ca31892..93251e1  master -> master

D:\! doc\VVV\pythonVV\Pylypivvv_Python>git log
commit 93251e119509ef9f3933841eb00935ab72f250a0 (HEAD -> master, origin/master)
Author: Victor Pylypiv <pylypivvv@gmail.com>
Date:   Thu Sep 23 08:51:51 2021 +0300

    'task_Traffic_light'

commit ca318923b3f59298cf7d77875ab71cd33ca8efe7
Author: Victor Pylypiv <pylypivvv@gmail.com>
Date:   Thu Sep 23 01:49:53 2021 +0300

    'init'

D:\! doc\VVV\pythonVV\Pylypivvv_Python>dit branch second_task
'dit' is not recognized as an internal or external command,
operable program or batch file.

D:\! doc\VVV\pythonVV\Pylypivvv_Python>git branch second_task

D:\! doc\VVV\pythonVV\Pylypivvv_Python>git commit -am "new task"
[master e4664c5] new task
 2 files changed, 8 insertions(+), 36 deletions(-)
 delete mode 100644 Pylypiv_01_PythonStarter/Pylypiv_traffic_light_1.py

D:\! doc\VVV\pythonVV\Pylypivvv_Python>git git chackout second_task
git: 'git' is not a git command. See 'git --help'.

The most similar command is
        init

D:\! doc\VVV\pythonVV\Pylypivvv_Python>git checkout second_task
Switched to branch 'second_task'

D:\! doc\VVV\pythonVV\Pylypivvv_Python>git branch -v
  master      e4664c5 [ahead 1] new task
* second_task 93251e1 'task_Traffic_light'

D:\! doc\VVV\pythonVV\Pylypivvv_Python>git checkout master
error: Your local changes to the following files would be overwritten by checkout:
        Pylypiv_traffic_light_1.py
Please commit your changes or stash them before you switch branches.
Aborting

D:\! doc\VVV\pythonVV\Pylypivvv_Python>git branch
  master
* second_task

D:\! doc\VVV\pythonVV\Pylypivvv_Python>git commit -am "trafficlight for driver"
[second_task 7980ab2] trafficlight for driver
 1 file changed, 16 insertions(+)

D:\! doc\VVV\pythonVV\Pylypivvv_Python>git push
fatal: The current branch second_task has no upstream branch.
To push the current branch and set the remote as upstream, use

    git push --set-upstream origin second_task


D:\! doc\VVV\pythonVV\Pylypivvv_Python>git push --set-upstream origin second_task
Enumerating objects: 5, done.
Counting objects: 100% (5/5), done.
Delta compression using up to 4 threads
Compressing objects: 100% (3/3), done.
Writing objects: 100% (3/3), 392 bytes | 196.00 KiB/s, done.
Total 3 (delta 2), reused 0 (delta 0), pack-reused 0
remote: Resolving deltas: 100% (2/2), completed with 2 local objects.
remote:
remote: Create a pull request for 'second_task' on GitHub by visiting:
remote:      https://github.com/VictorPylypiv/Pylypivvv_python/pull/new/second_task
remote:
To https://github.com/VictorPylypiv/Pylypivvv_python.git
 * [new branch]      second_task -> second_task
Branch 'second_task' set up to track remote branch 'second_task' from 'origin'.

D:\! doc\VVV\pythonVV\Pylypivvv_Python>git push
Everything up-to-date

D:\! doc\VVV\pythonVV\Pylypivvv_Python>git branch master
fatal: A branch named 'master' already exists.

D:\! doc\VVV\pythonVV\Pylypivvv_Python>git checkout master
Switched to branch 'master'
Your branch is ahead of 'origin/master' by 1 commit.
  (use "git push" to publish your local commits)

D:\! doc\VVV\pythonVV\Pylypivvv_Python>git commit -am "get mode"
[master 259ebea] get mode
 1 file changed, 14 insertions(+), 1 deletion(-)

D:\! doc\VVV\pythonVV\Pylypivvv_Python>git push
Enumerating objects: 10, done.
Counting objects: 100% (10/10), done.
Delta compression using up to 4 threads
Compressing objects: 100% (7/7), done.
Writing objects: 100% (7/7), 1.16 KiB | 395.00 KiB/s, done.
Total 7 (delta 4), reused 0 (delta 0), pack-reused 0
remote: Resolving deltas: 100% (4/4), completed with 2 local objects.
To https://github.com/VictorPylypiv/Pylypivvv_python.git
   93251e1..259ebea  master -> master

D:\! doc\VVV\pythonVV\Pylypivvv_Python>git branch
* master
  second_task

D:\! doc\VVV\pythonVV\Pylypivvv_Python>git merge second_task
Auto-merging Pylypiv_traffic_light_1.py
Merge made by the 'recursive' strategy.
 Pylypiv_traffic_light_1.py | 16 ++++++++++++++++
 1 file changed, 16 insertions(+)

D:\! doc\VVV\pythonVV\Pylypivvv_Python>git push
Enumerating objects: 7, done.
Counting objects: 100% (7/7), done.
Delta compression using up to 4 threads
Compressing objects: 100% (3/3), done.
Writing objects: 100% (3/3), 434 bytes | 434.00 KiB/s, done.
Total 3 (delta 2), reused 0 (delta 0), pack-reused 0
remote: Resolving deltas: 100% (2/2), completed with 2 local objects.
To https://github.com/VictorPylypiv/Pylypivvv_python.git
   259ebea..1fb5b91  master -> master

D:\! doc\VVV\pythonVV\Pylypivvv_Python>git log
commit 1fb5b91d18392beaf8bd8be5cc7f2f238ee4cd1e (HEAD -> master, origin/master)
Merge: 259ebea 7980ab2
Author: Victor Pylypiv <pylypivvv@gmail.com>
Date:   Fri Sep 24 09:28:05 2021 +0300

    Merge branch 'second_task'

commit 259ebea1aa8499b3a272eddb2dde809259e44aa4
Author: Victor Pylypiv <pylypivvv@gmail.com>
Date:   Fri Sep 24 09:25:36 2021 +0300

    get mode

commit 7980ab2c505e759063a45e4fcfde28b65bb95277 (origin/second_task, second_task)
Author: Victor Pylypiv <pylypivvv@gmail.com>
Date:   Fri Sep 24 09:09:36 2021 +0300

    trafficlight for driver

commit e4664c5e0bada5a7232cbf1a660cd5681b05e1c8
Author: Victor Pylypiv <pylypivvv@gmail.com>
Date:   Fri Sep 24 08:34:19 2021 +0300

    new task

commit 93251e119509ef9f3933841eb00935ab72f250a0
Author: Victor Pylypiv <pylypivvv@gmail.com>
Date:   Thu Sep 23 08:51:51 2021 +0300

    'task_Traffic_light'

commit ca318923b3f59298cf7d77875ab71cd33ca8efe7
Author: Victor Pylypiv <pylypivvv@gmail.com>
Date:   Thu Sep 23 01:49:53 2021 +0300

    'init'

D:\! doc\VVV\pythonVV\Pylypivvv_Python>git commit -am "already trafficlght"
On branch master
Your branch is up to date with 'origin/master'.

Untracked files:
  (use "git add <file>..." to include in what will be committed)
        Pylypiv_01_PythonStarter/Pylypiv_homework_GIT.txt

nothing added to commit but untracked files present (use "git add" to track)

D:\! doc\VVV\pythonVV\Pylypivvv_Python>git add .

D:\! doc\VVV\pythonVV\Pylypivvv_Python>git commit -am "already trafficlght"
[master 9d1b290] already trafficlght
 1 file changed, 131 insertions(+)
 create mode 100644 Pylypiv_01_PythonStarter/Pylypiv_homework_GIT.txt

D:\! doc\VVV\pythonVV\Pylypivvv_Python>git commit --amend
hint: Waiting for your editor to close the file...
[master 592de23] already traffic lght
 Date: Fri Sep 24 09:46:15 2021 +0300
 1 file changed, 131 insertions(+)
 create mode 100644 Pylypiv_01_PythonStarter/Pylypiv_homework_GIT.txt

D:\! doc\VVV\pythonVV\Pylypivvv_Python>git fetch
remote: Enumerating objects: 5, done.
remote: Counting objects: 100% (5/5), done.
remote: Compressing objects: 100% (3/3), done.
remote: Total 3 (delta 2), reused 0 (delta 0), pack-reused 0
Unpacking objects: 100% (3/3), 693 bytes | 18.00 KiB/s, done.
From https://github.com/VictorPylypiv/Pylypivvv_python
   1fb5b91..84e3f24  master     -> origin/master

D:\! doc\VVV\pythonVV\Pylypivvv_Python>git log
commit 592de23dfc75709b7f7c59df6d412be9c8fda97a (HEAD -> master)
Author: Victor Pylypiv <pylypivvv@gmail.com>
Date:   Fri Sep 24 09:46:15 2021 +0300

    already traffic lght

commit 1fb5b91d18392beaf8bd8be5cc7f2f238ee4cd1e
Merge: 259ebea 7980ab2
Author: Victor Pylypiv <pylypivvv@gmail.com>
Date:   Fri Sep 24 09:28:05 2021 +0300

    Merge branch 'second_task'

commit 259ebea1aa8499b3a272eddb2dde809259e44aa4
Author: Victor Pylypiv <pylypivvv@gmail.com>
Date:   Fri Sep 24 09:25:36 2021 +0300

    get mode

commit 7980ab2c505e759063a45e4fcfde28b65bb95277 (origin/second_task, second_task)
Author: Victor Pylypiv <pylypivvv@gmail.com>
Date:   Fri Sep 24 09:09:36 2021 +0300

    trafficlight for driver

commit e4664c5e0bada5a7232cbf1a660cd5681b05e1c8
Author: Victor Pylypiv <pylypivvv@gmail.com>
Date:   Fri Sep 24 08:34:19 2021 +0300

    new task

commit 93251e119509ef9f3933841eb00935ab72f250a0
Author: Victor Pylypiv <pylypivvv@gmail.com>
Date:   Thu Sep 23 08:51:51 2021 +0300

    'task_Traffic_light'

commit ca318923b3f59298cf7d77875ab71cd33ca8efe7
Author: Victor Pylypiv <pylypivvv@gmail.com>
Date:   Thu Sep 23 01:49:53 2021 +0300

    'init'

D:\! doc\VVV\pythonVV\Pylypivvv_Python>git pull
Merge made by the 'recursive' strategy.
 Pylypiv_traffic_light_1.py | 2 ++
 1 file changed, 2 insertions(+)

